
/home/runner/work/exp-introduction-condensation-iitb/exp-introduction-condensation-iitb/experiment/simulation/common_libraries/js/ts_components/collapse_step.js
   1:10  warning  'show_step' is defined but never used                 no-unused-vars
   2:5   warning  '$' is not defined                                    no-undef
   3:9   warning  '$' is not defined                                    no-undef
   6:10  warning  'hide_step' is defined but never used                 no-unused-vars
   7:5   warning  '$' is not defined                                    no-undef
   8:9   warning  '$' is not defined                                    no-undef
  11:10  warning  'get_collapse_btn_text' is defined but never used     no-unused-vars
  20:10  warning  'get_collapse_btn_element' is defined but never used  no-unused-vars
  29:10  warning  'hide_all_steps' is defined but never used            no-unused-vars
  31:9   warning  '$' is not defined                                    no-undef

/home/runner/work/exp-introduction-condensation-iitb/exp-introduction-condensation-iitb/experiment/simulation/common_libraries/js/ts_components/matrix.js
   27:26  warning  'MathJax' is not defined                                no-undef
   32:7   warning  'Matrix_Without_String' is defined but never used       no-unused-vars
   52:26  warning  'MathJax' is not defined                                no-undef
   56:10  warning  'get_matrix_html' is defined but never used             no-unused-vars
   87:13  warning  'row_html' is assigned a value but never used           no-unused-vars
   99:10  warning  'get_matrix_html_with_title' is defined but never used  no-unused-vars
  131:13  warning  'row_html' is assigned a value but never used           no-unused-vars
  143:10  warning  'convert_2d_to_1d_vector' is defined but never used     no-unused-vars
  156:10  warning  'convert_1d_to_2d_matrix' is defined but never used     no-unused-vars

/home/runner/work/exp-introduction-condensation-iitb/exp-introduction-condensation-iitb/experiment/simulation/common_libraries/js/ts_components/matrix_2d.js
    2:10  warning  'toLatexBMatrix' is defined but never used              no-unused-vars
   29:10  warning  'toLatexDeterminant' is defined but never used          no-unused-vars
   61:10  warning  'renderMatrixInputs' is defined but never used          no-unused-vars
  111:10  warning  'readMatrix2D' is defined but never used                no-unused-vars
  130:10  warning  'verifyMatrix2D' is defined but never used              no-unused-vars
  141:18  warning  'verify_values' is not defined                          no-undef
  148:10  warning  'transposeMatrix' is defined but never used             no-unused-vars
  165:10  warning  'multiplyMatrices' is defined but never used            no-unused-vars
  200:10  warning  'inverseMatrix' is defined but never used               no-unused-vars
  255:10  warning  'determinant' is defined but never used                 no-unused-vars
  305:10  warning  'convertMatrixInputsToSpans' is defined but never used  no-unused-vars

/home/runner/work/exp-introduction-condensation-iitb/exp-introduction-condensation-iitb/experiment/simulation/common_libraries/js/ts_components/pannel.js
  8:7  warning  'Pannel' is defined but never used  no-unused-vars

/home/runner/work/exp-introduction-condensation-iitb/exp-introduction-condensation-iitb/experiment/simulation/common_libraries/js/ts_components/questions.js
   6:17  warning  'op1' is assigned a value but never used      no-unused-vars
   7:17  warning  'op2' is assigned a value but never used      no-unused-vars
   8:17  warning  'op3' is assigned a value but never used      no-unused-vars
   9:17  warning  'op4' is assigned a value but never used      no-unused-vars
  94:7   warning  'Question_Options' is defined but never used  no-unused-vars

/home/runner/work/exp-introduction-condensation-iitb/exp-introduction-condensation-iitb/experiment/simulation/common_libraries/js/ts_components/tables.js
   19:22  warning  'verify_values' is not defined                                     no-undef
  137:22  warning  'verify_values' is not defined                                     no-undef
  260:7   warning  'Verify_Rows_Cols_6_decimal_places' is defined but never used      no-unused-vars
  311:22  warning  'verify_values' is not defined                                     no-undef
  416:7   warning  'Verify_Rows_Cols_Custom_Fixed_Update1' is defined but never used  no-unused-vars
  468:7   warning  'Show_Table_Custom_Fixed' is defined but never used                no-unused-vars
  506:7   warning  'Verify_Rows_Cols_Strings' is defined but never used               no-unused-vars
  527:22  warning  'verify_values' is not defined                                     no-undef
  663:7   warning  'Display_Table' is defined but never used                          no-unused-vars

/home/runner/work/exp-introduction-condensation-iitb/exp-introduction-condensation-iitb/experiment/simulation/common_libraries/js/ts_math_library/general_math_functions.js
    1:10  warning  'verify_values' is defined but never used                   no-unused-vars
   17:10  warning  'random1' is defined but never used                         no-unused-vars
   21:10  warning  'std_deviation' is defined but never used                   no-unused-vars
   26:10  warning  'gauss' is defined but never used                           no-unused-vars
   56:10  warning  'hide_panel' is defined but never used                      no-unused-vars
   63:10  warning  'inverse_matrix' is defined but never used                  no-unused-vars
   96:10  warning  'matrix_multiplication' is defined but never used           no-unused-vars
  113:10  warning  'transpose_matrix' is defined but never used                no-unused-vars
  123:10  warning  'matrix_multiplication_8decimal' is defined but never used  no-unused-vars
  140:10  warning  'adjoint_2x2_matrix' is defined but never used              no-unused-vars
  145:10  warning  'find_deteminant' is defined but never used                 no-unused-vars
  174:10  warning  'get_Submatrix' is defined but never used                   no-unused-vars

/home/runner/work/exp-introduction-condensation-iitb/exp-introduction-condensation-iitb/experiment/simulation/common_libraries/js/ts_math_library/regression.js
   1:10  warning  'regression_linear' is defined but never used            no-unused-vars
  18:10  warning  'regression_linear_1variable' is defined but never used  no-unused-vars
  27:10  warning  'regression_linear_2variable' is defined but never used  no-unused-vars
  52:11  warning  'gauss' is not defined                                   no-undef

/home/runner/work/exp-introduction-condensation-iitb/exp-introduction-condensation-iitb/experiment/simulation/common_libraries/math.ob.js
  1:745  warning  'b' is already defined  no-redeclare

/home/runner/work/exp-introduction-condensation-iitb/exp-introduction-condensation-iitb/experiment/simulation/js/activity1.js
   19:24   warning  'MathJax' is not defined                 no-undef
   22:10   warning  'Verify_act1' is defined but never used  no-unused-vars
   27:20   warning  'get_collapse_btn_text' is not defined   no-undef
   32:67   warning  'a1_t_sat' is not defined                no-undef
   32:139  warning  'a1_l1' is not defined                   no-undef
   32:159  warning  'a1_w' is not defined                    no-undef
   32:197  warning  'a1_t_wall' is not defined               no-undef
   32:321  warning  'a1_l2' is not defined                   no-undef
   35:15   warning  'a1_k' is not defined                    no-undef
   36:28   warning  'a1_hfg' is not defined                  no-undef
   37:19   warning  'a1_rho' is not defined                  no-undef
   39:15   warning  'g' is not defined                       no-undef
   52:5    warning  'hide_all_steps' is not defined          no-undef
   53:24   warning  'show_step' is not defined               no-undef
   54:24   warning  'MathJax' is not defined                 no-undef
   57:10   warning  'sol1' is defined but never used         no-unused-vars
   62:20   warning  'get_collapse_btn_text' is not defined   no-undef
   79:29   warning  'a1_l1' is not defined                   no-undef
   93:55   warning  'a1_l1' is not defined                   no-undef
   93:66   warning  'a1_w' is not defined                    no-undef
  109:5    warning  'single_plate_q' is not defined          no-undef
  111:5    warning  'hide_all_steps' is not defined          no-undef
  112:24   warning  'show_step' is not defined               no-undef
  113:24   warning  'MathJax' is not defined                 no-undef
  116:10   warning  'verify_sol1' is defined but never used  no-unused-vars
  118:17   warning  'a1_h1' is not defined                   no-undef
  118:24   warning  'a1_q1' is not defined                   no-undef
  123:10   warning  'verify_values' is not defined           no-undef
  123:48   warning  'a1_h1' is not defined                   no-undef
  127:10   warning  'verify_values' is not defined           no-undef
  127:48   warning  'a1_q1' is not defined                   no-undef
  133:25   warning  'a1_h1' is not defined                   no-undef
  135:25   warning  'a1_q1' is not defined                   no-undef
  141:20   warning  'get_collapse_btn_text' is not defined   no-undef
  158:29   warning  'a1_l2' is not defined                   no-undef
  172:59   warning  'a1_l2' is not defined                   no-undef
  172:70   warning  'a1_w' is not defined                    no-undef
  188:5    warning  'double_plate_q' is not defined          no-undef
  190:5    warning  'hide_all_steps' is not defined          no-undef
  191:24   warning  'show_step' is not defined               no-undef
  192:24   warning  'MathJax' is not defined                 no-undef
  194:10   warning  'verify_sol2' is defined but never used  no-unused-vars
  196:17   warning  'a1_h2' is not defined                   no-undef
  196:24   warning  'a1_q2' is not defined                   no-undef
  201:10   warning  'verify_values' is not defined           no-undef
  201:48   warning  'a1_h2' is not defined                   no-undef
  205:10   warning  'verify_values' is not defined           no-undef
  205:48   warning  'a1_q2' is not defined                   no-undef
  211:25   warning  'a1_h2' is not defined                   no-undef
  213:25   warning  'a1_q2' is not defined                   no-undef
  216:5    warning  'activity2' is not defined               no-undef

/home/runner/work/exp-introduction-condensation-iitb/exp-introduction-condensation-iitb/experiment/simulation/js/activity2.js
    1:10   warning  'activity2' is defined but never used     no-unused-vars
   17:5    warning  'maindiv' is not defined                  no-undef
   18:24   warning  'MathJax' is not defined                  no-undef
   21:10   warning  'Verify_act2' is defined but never used   no-unused-vars
   26:20   warning  'get_collapse_btn_text' is not defined    no-undef
   31:66   warning  'a2_t_sat' is not defined                 no-undef
   31:138  warning  'a2_l1' is not defined                    no-undef
   31:158  warning  'a2_w' is not defined                     no-undef
   31:196  warning  'a2_t_wall' is not defined                no-undef
   31:320  warning  'a2_l2' is not defined                    no-undef
   34:15   warning  'a2_k' is not defined                     no-undef
   35:28   warning  'a2_hfg' is not defined                   no-undef
   36:19   warning  'a2_rho' is not defined                   no-undef
   38:15   warning  'g' is not defined                        no-undef
   50:5    warning  'maindiv' is not defined                  no-undef
   51:5    warning  'hide_all_steps' is not defined           no-undef
   52:24   warning  'show_step' is not defined                no-undef
   53:24   warning  'MathJax' is not defined                  no-undef
   56:10   warning  'a2_sol2' is defined but never used       no-unused-vars
   57:20   warning  'get_collapse_btn_text' is not defined    no-undef
   74:29   warning  'a2_l1' is not defined                    no-undef
   88:55   warning  'a2_l1' is not defined                    no-undef
   88:66   warning  'a2_w' is not defined                     no-undef
  103:5    warning  'single_plate2_q' is not defined          no-undef
  104:5    warning  'maindiv' is not defined                  no-undef
  105:5    warning  'hide_all_steps' is not defined           no-undef
  106:24   warning  'show_step' is not defined                no-undef
  107:24   warning  'MathJax' is not defined                  no-undef
  109:10   warning  'verify2_sol2' is defined but never used  no-unused-vars
  111:17   warning  'a2_h1' is not defined                    no-undef
  111:24   warning  'a2_q1' is not defined                    no-undef
  116:10   warning  'verify_values' is not defined            no-undef
  116:48   warning  'a2_h1' is not defined                    no-undef
  120:10   warning  'verify_values' is not defined            no-undef
  120:48   warning  'a2_q1' is not defined                    no-undef
  126:25   warning  'a2_h1' is not defined                    no-undef
  128:25   warning  'a2_q1' is not defined                    no-undef
  134:20   warning  'get_collapse_btn_text' is not defined    no-undef
  151:29   warning  'a2_l2' is not defined                    no-undef
  165:59   warning  'a2_l2' is not defined                    no-undef
  165:70   warning  'a2_w' is not defined                     no-undef
  182:5    warning  'double_plate2_q' is not defined          no-undef
  183:5    warning  'maindiv' is not defined                  no-undef
  184:5    warning  'hide_all_steps' is not defined           no-undef
  185:24   warning  'show_step' is not defined                no-undef
  186:24   warning  'MathJax' is not defined                  no-undef
  188:10   warning  'verify2_sol3' is defined but never used  no-unused-vars
  190:17   warning  'a2_h2' is not defined                    no-undef
  190:24   warning  'a2_q2' is not defined                    no-undef
  195:10   warning  'verify_values' is not defined            no-undef
  195:48   warning  'a2_h2' is not defined                    no-undef
  199:10   warning  'verify_values' is not defined            no-undef
  199:48   warning  'a2_q2' is not defined                    no-undef
  205:25   warning  'a2_h2' is not defined                    no-undef
  207:25   warning  'a2_q2' is not defined                    no-undef

/home/runner/work/exp-introduction-condensation-iitb/exp-introduction-condensation-iitb/experiment/simulation/js/data.js
    2:5   warning  'thickness' is assigned a value but never used                       no-unused-vars
    3:5   warning  'len' is assigned a value but never used                             no-unused-vars
    4:5   warning  'height' is assigned a value but never used                          no-unused-vars
    5:5   warning  'left_temp' is assigned a value but never used                       no-unused-vars
    6:5   warning  'right_temp' is assigned a value but never used                      no-unused-vars
    7:5   warning  'k_0' is assigned a value but never used                             no-unused-vars
    9:5   warning  'alpha' is assigned a value but never used                           no-unused-vars
   10:5   warning  'alpha2' is assigned a value but never used                          no-unused-vars
   11:5   warning  'alpha3' is assigned a value but never used                          no-unused-vars
   12:5   warning  'x' is assigned a value but never used                               no-unused-vars
   14:5   warning  'c' is assigned a value but never used                               no-unused-vars
   15:5   warning  't_x' is assigned a value but never used                             no-unused-vars
   16:5   warning  'a' is assigned a value but never used                               no-unused-vars
   18:5   warning  'c2' is assigned a value but never used                              no-unused-vars
   19:5   warning  't_x2' is assigned a value but never used                            no-unused-vars
   20:5   warning  'a2' is assigned a value but never used                              no-unused-vars
   22:5   warning  'c3' is assigned a value but never used                              no-unused-vars
   23:5   warning  't_x3' is assigned a value but never used                            no-unused-vars
   24:5   warning  'a3' is assigned a value but never used                              no-unused-vars
   26:5   warning  'tab4_y' is assigned a value but never used                          no-unused-vars
   27:5   warning  'tab4_x' is assigned a value but never used                          no-unused-vars
   45:5   warning  't1_pipe_temp' is assigned a value but never used                    no-unused-vars
   46:5   warning  'inside_diameter_pipe' is assigned a value but never used            no-unused-vars
   47:5   warning  'k_steel' is assigned a value but never used                         no-unused-vars
   48:5   warning  'thickness_pipe' is assigned a value but never used                  no-unused-vars
   49:5   warning  'pipe_length' is assigned a value but never used                     no-unused-vars
   50:5   warning  'pipe_insulator1_thickness' is assigned a value but never used       no-unused-vars
   51:5   warning  'pipe_insulator2_thickness' is assigned a value but never used       no-unused-vars
   52:5   warning  'pipe_insulator1_conductivity' is assigned a value but never used    no-unused-vars
   53:5   warning  'pipe_insulator2_conductivity' is assigned a value but never used    no-unused-vars
   54:5   warning  'inside_htc_pipe' is assigned a value but never used                 no-unused-vars
   55:5   warning  'outside_htc_pipe' is assigned a value but never used                no-unused-vars
   56:5   warning  't2' is assigned a value but never used                              no-unused-vars
   58:5   warning  'pipe_R_1' is assigned a value but never used                        no-unused-vars
   59:5   warning  'pipe_r_1' is assigned a value but never used                        no-unused-vars
   60:5   warning  'pipe_R_2' is assigned a value but never used                        no-unused-vars
   61:5   warning  'pipe_r_2' is assigned a value but never used                        no-unused-vars
   62:5   warning  'pipe_R_3' is assigned a value but never used                        no-unused-vars
   63:5   warning  'pipe_r_3' is assigned a value but never used                        no-unused-vars
   64:5   warning  'pipe_R_4' is assigned a value but never used                        no-unused-vars
   65:5   warning  'pipe_r_4' is assigned a value but never used                        no-unused-vars
   66:5   warning  'pipe_R_5' is assigned a value but never used                        no-unused-vars
   67:5   warning  'pipe_r_5' is assigned a value but never used                        no-unused-vars
   68:5   warning  'pipe_R_T' is assigned a value but never used                        no-unused-vars
   69:5   warning  'Q_pipe' is assigned a value but never used                          no-unused-vars
   70:5   warning  'T_s_pipe' is assigned a value but never used                        no-unused-vars
   72:5   warning  't1_sphere_temp' is assigned a value but never used                  no-unused-vars
   74:5   warning  'k_sphere' is assigned a value but never used                        no-unused-vars
   75:5   warning  'thickness_sphere' is assigned a value but never used                no-unused-vars
   76:5   warning  'sphere_length' is assigned a value but never used                   no-unused-vars
   77:5   warning  'sphere_insulator1_thickness' is assigned a value but never used     no-unused-vars
   78:5   warning  'sphere_insulator2_thickness' is assigned a value but never used     no-unused-vars
   79:5   warning  'sphere_insulator1_conductivity' is assigned a value but never used  no-unused-vars
   80:5   warning  'sphere_insulator2_conductivity' is assigned a value but never used  no-unused-vars
   81:5   warning  'inside_htc_sphere' is assigned a value but never used               no-unused-vars
   82:5   warning  'outside_htc_sphere' is assigned a value but never used              no-unused-vars
   84:5   warning  'sphere_R_1' is assigned a value but never used                      no-unused-vars
   85:5   warning  'sphere_r_1' is assigned a value but never used                      no-unused-vars
   86:5   warning  'sphere_R_2' is assigned a value but never used                      no-unused-vars
   87:5   warning  'sphere_r_2' is assigned a value but never used                      no-unused-vars
   88:5   warning  'sphere_R_3' is assigned a value but never used                      no-unused-vars
   89:5   warning  'sphere_r_3' is assigned a value but never used                      no-unused-vars
   90:5   warning  'sphere_R_4' is assigned a value but never used                      no-unused-vars
   91:5   warning  'sphere_r_4' is assigned a value but never used                      no-unused-vars
   92:5   warning  'sphere_R_5' is assigned a value but never used                      no-unused-vars
   93:5   warning  'sphere_r_5' is assigned a value but never used                      no-unused-vars
   94:5   warning  'sphere_R_T' is assigned a value but never used                      no-unused-vars
   95:5   warning  'Q_sphere' is assigned a value but never used                        no-unused-vars
   96:5   warning  'T_s_sphere' is assigned a value but never used                      no-unused-vars
  114:10  warning  'single_plate_q' is defined but never used                           no-unused-vars
  120:10  warning  'double_plate_q' is defined but never used                           no-unused-vars
  141:10  warning  'single_plate2_q' is defined but never used                          no-unused-vars
  147:10  warning  'double_plate2_q' is defined but never used                          no-unused-vars

/home/runner/work/exp-introduction-condensation-iitb/exp-introduction-condensation-iitb/experiment/simulation/js/gauss_ele.js
  42:10  warning  'gauss_ele' is defined but never used  no-unused-vars

/home/runner/work/exp-introduction-condensation-iitb/exp-introduction-condensation-iitb/experiment/simulation/js/screen_size.js
  1:10  warning  'set_screen_size' is defined but never used  no-unused-vars

/home/runner/work/exp-introduction-condensation-iitb/exp-introduction-condensation-iitb/experiment/simulation/js/trap.js
   4:10  warning  'generate_data' is defined but never used  no-unused-vars
  13:10  warning  'trap' is defined but never used           no-unused-vars
  21:10  warning  'sim1by3' is defined but never used        no-unused-vars
  29:10  warning  'sim3by8' is defined but never used        no-unused-vars

✖ 247 problems (0 errors, 247 warnings)

